node : ERR: Invalid or 
unexpected token
At line:1 char:1
+ node -e "try { const p = r
equire('./postcss.config.cjs
'); console.log ...
+ ~~~~~~~~~~~~~~~~~~~~~~~~~~
~~~~~~~~~~~~~~~~~~~~~~~~~~~~
~~~~~~~~~~~~~~~
    + CategoryInfo          
    : NotSpecified: (ERR:   
  Invalid or unexpected t   
 oken:String) [], Remote    
Exception
    + FullyQualifiedErrorId 
    : NativeCommandError
 
